Initialized native services in: /home/tazztone/.gradle/native
Initialized jansi services in: /home/tazztone/.gradle/native
The client will now receive all logging from the daemon (pid: 20542). The daemon log file: /home/tazztone/.gradle/daemon/9.2.1/daemon-20542.out.log
Starting 6th build in daemon [uptime: 9 mins 57.475 secs, performance: 99%, GC rate: 0.00/s, heap usage: 0% of 3 GiB, non-heap usage: 49% of 512 MiB]
Using 24 worker leases.
Operational build model parameters: {requiresToolingModels=false, parallelProjectExecution=false, configureOnDemand=false, configurationCache=false, configurationCacheParallelStore=false, configurationCacheParallelLoad=true, isolatedProjects=false, parallelProjectConfiguration=false, intermediateModelCache=false, parallelToolingApiActions=false, invalidateCoupledProjects=false, modelAsProjectDependency=false, resilientModelBuilding=false}
Now considering [/home/tazztone/_coding/lossless-video-cut] as hierarchies to watch
Watching the file system is configured to be enabled if available
File system watching is active
Starting Build
Resolved plugin [id: 'org.gradle.toolchains.foojay-resolver-convention', version: '1.0.0']
Settings evaluated using settings file '/home/tazztone/_coding/lossless-video-cut/settings.gradle.kts'.
Projects loaded. Root project using build file '/home/tazztone/_coding/lossless-video-cut/build.gradle.kts'.
Included projects: [root project 'LosslessCut', project ':app', project ':core', project ':engine', project ':core:data', project ':core:domain']

> Configure project :
Evaluating root project 'LosslessCut' using build file '/home/tazztone/_coding/lossless-video-cut/build.gradle.kts'.
Resolved plugin [id: 'com.android.application', version: '9.0.1', apply: false]
Resolved plugin [id: 'com.android.library', version: '9.0.1', apply: false]
Resolved plugin [id: 'org.jetbrains.kotlin.android', version: '2.2.10', apply: false]
Resolved plugin [id: 'com.google.dagger.hilt.android', version: '2.59.1', apply: false]
Resolved plugin [id: 'com.google.devtools.ksp', version: '2.2.10-2.0.2', apply: false]
Resolved plugin [id: 'org.jetbrains.kotlin.plugin.serialization', version: '2.2.10', apply: false]

> Configure project :app
Evaluating project ':app' using build file '/home/tazztone/_coding/lossless-video-cut/app/build.gradle.kts'.
Resolved plugin [id: 'com.android.application', version: '9.0.1']
Resolved plugin [id: 'com.google.devtools.ksp', version: '2.2.10-2.0.2']
Resolved plugin [id: 'com.google.dagger.hilt.android', version: '2.59.1']
Resolved plugin [id: 'org.jetbrains.kotlin.plugin.serialization', version: '2.2.10']
WARNING: The option setting 'android.disallowKotlinSourceSets=false' is experimental.
The current default is 'true'.
Build ceb8ff1e-36f5-4820-bcf4-943a571a5032 is started
Using default execution profile

> Configure project :core
Evaluating project ':core' using build file '/home/tazztone/_coding/lossless-video-cut/core/build.gradle'.

> Configure project :engine
Evaluating project ':engine' using build file '/home/tazztone/_coding/lossless-video-cut/engine/build.gradle.kts'.
Resolved plugin [id: 'com.android.library', version: '9.0.1']
Resolved plugin [id: 'com.google.dagger.hilt.android', version: '2.59.1']
Resolved plugin [id: 'com.google.devtools.ksp', version: '2.2.10-2.0.2']
Using default execution profile

> Configure project :core:data
Evaluating project ':core:data' using build file '/home/tazztone/_coding/lossless-video-cut/core/data/build.gradle.kts'.
Resolved plugin [id: 'com.android.library', version: '9.0.1']
Resolved plugin [id: 'com.google.dagger.hilt.android', version: '2.59.1']
Resolved plugin [id: 'com.google.devtools.ksp', version: '2.2.10-2.0.2']
Resolved plugin [id: 'org.jetbrains.kotlin.plugin.serialization', version: '2.2.10']
Using default execution profile

> Configure project :core:domain
Evaluating project ':core:domain' using build file '/home/tazztone/_coding/lossless-video-cut/core/domain/build.gradle.kts'.
Resolved plugin [id: 'com.android.library', version: '9.0.1']
Resolved plugin [id: 'com.google.dagger.hilt.android', version: '2.59.1']
Resolved plugin [id: 'com.google.devtools.ksp', version: '2.2.10-2.0.2']
Resolved plugin [id: 'org.jetbrains.kotlin.plugin.serialization', version: '2.2.10']
Using default execution profile
All projects evaluated.
Task path ':app:testDebugUnitTest' matched project ':app'
Task name matched 'testDebugUnitTest'
Selected primary task 'testDebugUnitTest' from project :app
Adding -Xuse-inline-scopes-numbers Kotlin compiler flag for task :app:compileDebugKotlin
Tasks to be executed: [task ':app:preBuild', task ':app:preDebugBuild', task ':app:dataBindingMergeDependencyArtifactsDebug', task ':app:generateDebugResources', task ':engine:preBuild', task ':engine:preDebugBuild', task ':engine:generateDebugResources', task ':engine:packageDebugResources', task ':core:data:preBuild', task ':core:data:preDebugBuild', task ':core:data:generateDebugResources', task ':core:data:packageDebugResources', task ':core:domain:preBuild', task ':core:domain:preDebugBuild', task ':core:domain:generateDebugResources', task ':core:domain:packageDebugResources', task ':app:mergeDebugResources', task ':app:packageDebugResources', task ':engine:processDebugNavigationResources', task ':core:data:processDebugNavigationResources', task ':core:domain:processDebugNavigationResources', task ':app:processDebugNavigationResources', task ':app:parseDebugLocalResources', task ':engine:parseDebugLocalResources', task ':engine:generateDebugRFile', task ':core:data:parseDebugLocalResources', task ':core:data:generateDebugRFile', task ':core:domain:parseDebugLocalResources', task ':core:domain:generateDebugRFile', task ':app:dataBindingGenBaseClassesDebug', task ':app:generateDebugBuildConfig', task ':app:generateDebugRFile', task ':core:domain:kspDebugKotlin', task ':core:domain:compileDebugKotlin', task ':core:domain:javaPreCompileDebug', task ':core:domain:compileDebugJavaWithJavac', task ':core:domain:transformDebugClassesWithAsm', task ':core:domain:bundleLibCompileToJarDebug', task ':core:data:kspDebugKotlin', task ':core:data:compileDebugKotlin', task ':core:data:javaPreCompileDebug', task ':core:data:compileDebugJavaWithJavac', task ':core:domain:bundleLibRuntimeToJarDebug', task ':core:data:transformDebugClassesWithAsm', task ':core:data:bundleLibCompileToJarDebug', task ':engine:kspDebugKotlin', task ':engine:compileDebugKotlin', task ':engine:javaPreCompileDebug', task ':engine:compileDebugJavaWithJavac', task ':core:data:bundleLibRuntimeToJarDebug', task ':engine:transformDebugClassesWithAsm', task ':engine:bundleLibCompileToJarDebug', task ':app:kspDebugKotlin', task ':app:compileDebugKotlin', task ':app:javaPreCompileDebug', task ':app:compileDebugJavaWithJavac', task ':engine:bundleLibRuntimeToJarDebug', task ':app:hiltSyncDebug', task ':app:hiltAggregateDepsDebug', task ':app:hiltJavaCompileDebug', task ':engine:writeDebugAarMetadata', task ':core:data:writeDebugAarMetadata', task ':core:domain:writeDebugAarMetadata', task ':app:checkDebugAarMetadata', task ':app:compileDebugNavigationResources', task ':app:mapDebugSourceSetPaths', task ':app:createDebugCompatibleScreenManifests', task ':app:extractDeepLinksDebug', task ':engine:extractDeepLinksDebug', task ':engine:processDebugManifest', task ':core:data:extractDeepLinksDebug', task ':core:data:processDebugManifest', task ':core:domain:extractDeepLinksDebug', task ':core:domain:processDebugManifest', task ':app:processDebugMainManifest', task ':app:processDebugManifest', task ':app:processDebugManifestForPackage', task ':engine:compileDebugLibraryResources', task ':core:data:compileDebugLibraryResources', task ':core:domain:compileDebugLibraryResources', task ':app:processDebugResources', task ':app:transformDebugClassesWithAsm', task ':app:bundleDebugClassesToRuntimeJar', task ':app:generateDebugAssets', task ':engine:generateDebugAssets', task ':engine:mergeDebugAssets', task ':core:data:generateDebugAssets', task ':core:data:mergeDebugAssets', task ':core:domain:generateDebugAssets', task ':core:domain:mergeDebugAssets', task ':app:mergeDebugAssets', task ':app:preDebugUnitTestBuild', task ':app:packageDebugUnitTestForUnitTest', task ':app:processDebugUnitTestManifest', task ':app:generateDebugUnitTestConfig', task ':app:processDebugJavaRes', task ':app:bundleDebugClassesToCompileJar', task ':app:kspDebugUnitTestKotlin', task ':app:compileDebugUnitTestKotlin', task ':app:processDebugUnitTestJavaRes', task ':app:javaPreCompileDebugUnitTest', task ':app:compileDebugUnitTestJavaWithJavac', task ':app:hiltSyncDebugUnitTest', task ':app:hiltAggregateDepsDebugUnitTest', task ':app:hiltJavaCompileDebugUnitTest', task ':app:transformDebugUnitTestClassesWithAsm', task ':engine:processDebugJavaRes', task ':core:data:processDebugJavaRes', task ':core:domain:processDebugJavaRes', task ':app:testDebugUnitTest']
Tasks that were excluded: []
work action Parameters of IdentityTransform (Thread[#1630,Execution worker,5,main]) started.
work action Parameters of CopyTransform (Thread[#1637,Execution worker Thread 8,5,main]) started.
work action Parameters of AggregatedPackagesTransform (Thread[#1637,Execution worker Thread 8,5,main]) started.
Resolve mutations for :app:preBuild (Thread[#1637,Execution worker Thread 8,5,main]) started.
:app:preBuild (Thread[#1637,Execution worker Thread 8,5,main]) started.

> Task :app:preBuild UP-TO-DATE
Skipping task ':app:preBuild' as it has no actions.
Resolve mutations for :app:preDebugBuild (Thread[#1637,Execution worker Thread 8,5,main]) started.
:app:preDebugBuild (Thread[#1646,Execution worker Thread 16,5,main]) started.

> Task :app:preDebugBuild UP-TO-DATE
Skipping task ':app:preDebugBuild' as it has no actions.
Resolve mutations for :app:dataBindingMergeDependencyArtifactsDebug (Thread[#1646,Execution worker Thread 16,5,main]) started.
:app:dataBindingMergeDependencyArtifactsDebug (Thread[#1646,Execution worker Thread 16,5,main]) started.

> Task :app:dataBindingMergeDependencyArtifactsDebug UP-TO-DATE
Caching disabled for task ':app:dataBindingMergeDependencyArtifactsDebug' because:
  Build cache is disabled
  Caching has been disabled for the task
Skipping task ':app:dataBindingMergeDependencyArtifactsDebug' as it is up-to-date.
Resolve mutations for :app:generateDebugResources (Thread[#1646,Execution worker Thread 16,5,main]) started.
:app:generateDebugResources (Thread[#1646,Execution worker Thread 16,5,main]) started.

> Task :app:generateDebugResources UP-TO-DATE
Caching disabled for task ':app:generateDebugResources' because:
  Build cache is disabled
Skipping task ':app:generateDebugResources' as it is up-to-date.
Resolve mutations for :engine:preBuild (Thread[#1646,Execution worker Thread 16,5,main]) started.
:engine:preBuild (Thread[#1636,Execution worker Thread 7,5,main]) started.

> Task :engine:preBuild UP-TO-DATE
Skipping task ':engine:preBuild' as it has no actions.
Resolve mutations for :engine:preDebugBuild (Thread[#1636,Execution worker Thread 7,5,main]) started.
:engine:preDebugBuild (Thread[#1644,Execution worker Thread 15,5,main]) started.

> Task :engine:preDebugBuild UP-TO-DATE
Skipping task ':engine:preDebugBuild' as it has no actions.
Resolve mutations for :engine:generateDebugResources (Thread[#1644,Execution worker Thread 15,5,main]) started.
:engine:generateDebugResources (Thread[#1644,Execution worker Thread 15,5,main]) started.

> Task :engine:generateDebugResources UP-TO-DATE
Caching disabled for task ':engine:generateDebugResources' because:
  Build cache is disabled
Skipping task ':engine:generateDebugResources' as it is up-to-date.
Resolve mutations for :engine:packageDebugResources (Thread[#1644,Execution worker Thread 15,5,main]) started.
:engine:packageDebugResources (Thread[#1646,Execution worker Thread 16,5,main]) started.

> Task :engine:packageDebugResources UP-TO-DATE
Caching disabled for task ':engine:packageDebugResources' because:
  Build cache is disabled
Skipping task ':engine:packageDebugResources' as it is up-to-date.
work action resolve packageDebugResources (project :engine) (Thread[#1646,Execution worker Thread 16,5,main]) started.
Resolve mutations for :core:data:preBuild (Thread[#1646,Execution worker Thread 16,5,main]) started.
:core:data:preBuild (Thread[#1649,Execution worker Thread 19,5,main]) started.

> Task :core:data:preBuild UP-TO-DATE
Skipping task ':core:data:preBuild' as it has no actions.
Resolve mutations for :core:data:preDebugBuild (Thread[#1641,Execution worker Thread 12,5,main]) started.
:core:data:preDebugBuild (Thread[#1641,Execution worker Thread 12,5,main]) started.

> Task :core:data:preDebugBuild UP-TO-DATE
Skipping task ':core:data:preDebugBuild' as it has no actions.
Resolve mutations for :core:data:generateDebugResources (Thread[#1641,Execution worker Thread 12,5,main]) started.
:core:data:generateDebugResources (Thread[#1631,Execution worker Thread 2,5,main]) started.

> Task :core:data:generateDebugResources UP-TO-DATE
Caching disabled for task ':core:data:generateDebugResources' because:
  Build cache is disabled
Skipping task ':core:data:generateDebugResources' as it is up-to-date.
Resolve mutations for :core:data:packageDebugResources (Thread[#1631,Execution worker Thread 2,5,main]) started.
:core:data:packageDebugResources (Thread[#1631,Execution worker Thread 2,5,main]) started.

> Task :core:data:packageDebugResources UP-TO-DATE
Caching disabled for task ':core:data:packageDebugResources' because:
  Build cache is disabled
Skipping task ':core:data:packageDebugResources' as it is up-to-date.
work action resolve packageDebugResources (project :core:data) (Thread[#1631,Execution worker Thread 2,5,main]) started.
Resolve mutations for :core:domain:preBuild (Thread[#1631,Execution worker Thread 2,5,main]) started.
:core:domain:preBuild (Thread[#1631,Execution worker Thread 2,5,main]) started.

> Task :core:domain:preBuild UP-TO-DATE
Skipping task ':core:domain:preBuild' as it has no actions.
Resolve mutations for :core:domain:preDebugBuild (Thread[#1631,Execution worker Thread 2,5,main]) started.
:core:domain:preDebugBuild (Thread[#1631,Execution worker Thread 2,5,main]) started.

> Task :core:domain:preDebugBuild UP-TO-DATE
Skipping task ':core:domain:preDebugBuild' as it has no actions.
Resolve mutations for :core:domain:generateDebugResources (Thread[#1631,Execution worker Thread 2,5,main]) started.
:core:domain:generateDebugResources (Thread[#1631,Execution worker Thread 2,5,main]) started.

> Task :core:domain:generateDebugResources UP-TO-DATE
Caching disabled for task ':core:domain:generateDebugResources' because:
  Build cache is disabled
Skipping task ':core:domain:generateDebugResources' as it is up-to-date.
Resolve mutations for :core:domain:packageDebugResources (Thread[#1631,Execution worker Thread 2,5,main]) started.
:core:domain:packageDebugResources (Thread[#1631,Execution worker Thread 2,5,main]) started.

> Task :core:domain:packageDebugResources UP-TO-DATE
Caching disabled for task ':core:domain:packageDebugResources' because:
  Build cache is disabled
Skipping task ':core:domain:packageDebugResources' as it is up-to-date.
work action resolve packageDebugResources (project :core:domain) (Thread[#1631,Execution worker Thread 2,5,main]) started.
Resolve mutations for :app:mergeDebugResources (Thread[#1631,Execution worker Thread 2,5,main]) started.
:app:mergeDebugResources (Thread[#1631,Execution worker Thread 2,5,main]) started.

> Task :app:mergeDebugResources UP-TO-DATE
Caching disabled for task ':app:mergeDebugResources' because:
  Build cache is disabled
Skipping task ':app:mergeDebugResources' as it is up-to-date.
Resolve mutations for :app:packageDebugResources (Thread[#1631,Execution worker Thread 2,5,main]) started.
:app:packageDebugResources (Thread[#1631,Execution worker Thread 2,5,main]) started.

> Task :app:packageDebugResources UP-TO-DATE
Caching disabled for task ':app:packageDebugResources' because:
  Build cache is disabled
Skipping task ':app:packageDebugResources' as it is up-to-date.
Resolve mutations for :engine:processDebugNavigationResources (Thread[#1631,Execution worker Thread 2,5,main]) started.
:engine:processDebugNavigationResources (Thread[#1631,Execution worker Thread 2,5,main]) started.

> Task :engine:processDebugNavigationResources UP-TO-DATE
Caching disabled for task ':engine:processDebugNavigationResources' because:
  Build cache is disabled
Skipping task ':engine:processDebugNavigationResources' as it is up-to-date.
work action resolve debug (project :engine) (Thread[#1631,Execution worker Thread 2,5,main]) started.
Resolve mutations for :core:data:processDebugNavigationResources (Thread[#1640,Execution worker Thread 11,5,main]) started.
:core:data:processDebugNavigationResources (Thread[#1640,Execution worker Thread 11,5,main]) started.

> Task :core:data:processDebugNavigationResources UP-TO-DATE
Caching disabled for task ':core:data:processDebugNavigationResources' because:
  Build cache is disabled
Skipping task ':core:data:processDebugNavigationResources' as it is up-to-date.
work action resolve debug (project :core:data) (Thread[#1640,Execution worker Thread 11,5,main]) started.
Resolve mutations for :core:domain:processDebugNavigationResources (Thread[#1652,Execution worker Thread 22,5,main]) started.
:core:domain:processDebugNavigationResources (Thread[#1652,Execution worker Thread 22,5,main]) started.

> Task :core:domain:processDebugNavigationResources UP-TO-DATE
Caching disabled for task ':core:domain:processDebugNavigationResources' because:
  Build cache is disabled
Skipping task ':core:domain:processDebugNavigationResources' as it is up-to-date.
work action resolve debug (project :core:domain) (Thread[#1652,Execution worker Thread 22,5,main]) started.
Resolve mutations for :app:processDebugNavigationResources (Thread[#1652,Execution worker Thread 22,5,main]) started.
:app:processDebugNavigationResources (Thread[#1652,Execution worker Thread 22,5,main]) started.

> Task :app:processDebugNavigationResources UP-TO-DATE
Caching disabled for task ':app:processDebugNavigationResources' because:
  Build cache is disabled
Skipping task ':app:processDebugNavigationResources' as it is up-to-date.
Resolve mutations for :app:parseDebugLocalResources (Thread[#1652,Execution worker Thread 22,5,main]) started.
:app:parseDebugLocalResources (Thread[#1652,Execution worker Thread 22,5,main]) started.

> Task :app:parseDebugLocalResources UP-TO-DATE
Caching disabled for task ':app:parseDebugLocalResources' because:
  Build cache is disabled
Skipping task ':app:parseDebugLocalResources' as it is up-to-date.
Resolve mutations for :engine:parseDebugLocalResources (Thread[#1652,Execution worker Thread 22,5,main]) started.
:engine:parseDebugLocalResources (Thread[#1652,Execution worker Thread 22,5,main]) started.

> Task :engine:parseDebugLocalResources UP-TO-DATE
Caching disabled for task ':engine:parseDebugLocalResources' because:
  Build cache is disabled
Skipping task ':engine:parseDebugLocalResources' as it is up-to-date.
Resolve mutations for :engine:generateDebugRFile (Thread[#1652,Execution worker Thread 22,5,main]) started.
:engine:generateDebugRFile (Thread[#1652,Execution worker Thread 22,5,main]) started.

> Task :engine:generateDebugRFile UP-TO-DATE
Caching disabled for task ':engine:generateDebugRFile' because:
  Build cache is disabled
Skipping task ':engine:generateDebugRFile' as it is up-to-date.
work action resolve package-aware-r.txt (project :engine) (Thread[#1652,Execution worker Thread 22,5,main]) started.
Resolve mutations for :core:data:parseDebugLocalResources (Thread[#1652,Execution worker Thread 22,5,main]) started.
:core:data:parseDebugLocalResources (Thread[#1652,Execution worker Thread 22,5,main]) started.

> Task :core:data:parseDebugLocalResources UP-TO-DATE
Caching disabled for task ':core:data:parseDebugLocalResources' because:
  Build cache is disabled
Skipping task ':core:data:parseDebugLocalResources' as it is up-to-date.
Resolve mutations for :core:data:generateDebugRFile (Thread[#1652,Execution worker Thread 22,5,main]) started.
:core:data:generateDebugRFile (Thread[#1652,Execution worker Thread 22,5,main]) started.

> Task :core:data:generateDebugRFile UP-TO-DATE
Caching disabled for task ':core:data:generateDebugRFile' because:
  Build cache is disabled
Skipping task ':core:data:generateDebugRFile' as it is up-to-date.
work action resolve package-aware-r.txt (project :core:data) (Thread[#1652,Execution worker Thread 22,5,main]) started.
Resolve mutations for :core:domain:parseDebugLocalResources (Thread[#1652,Execution worker Thread 22,5,main]) started.
:core:domain:parseDebugLocalResources (Thread[#1652,Execution worker Thread 22,5,main]) started.

> Task :core:domain:parseDebugLocalResources UP-TO-DATE
Caching disabled for task ':core:domain:parseDebugLocalResources' because:
  Build cache is disabled
Skipping task ':core:domain:parseDebugLocalResources' as it is up-to-date.
Resolve mutations for :core:domain:generateDebugRFile (Thread[#1652,Execution worker Thread 22,5,main]) started.
:core:domain:generateDebugRFile (Thread[#1652,Execution worker Thread 22,5,main]) started.

> Task :core:domain:generateDebugRFile UP-TO-DATE
Caching disabled for task ':core:domain:generateDebugRFile' because:
  Build cache is disabled
Skipping task ':core:domain:generateDebugRFile' as it is up-to-date.
work action resolve package-aware-r.txt (project :core:domain) (Thread[#1652,Execution worker Thread 22,5,main]) started.
Resolve mutations for :app:dataBindingGenBaseClassesDebug (Thread[#1652,Execution worker Thread 22,5,main]) started.
:app:dataBindingGenBaseClassesDebug (Thread[#1652,Execution worker Thread 22,5,main]) started.

> Task :app:dataBindingGenBaseClassesDebug UP-TO-DATE
Caching disabled for task ':app:dataBindingGenBaseClassesDebug' because:
  Build cache is disabled
Skipping task ':app:dataBindingGenBaseClassesDebug' as it is up-to-date.
Resolve mutations for :app:generateDebugBuildConfig (Thread[#1652,Execution worker Thread 22,5,main]) started.
:app:generateDebugBuildConfig (Thread[#1642,Execution worker Thread 13,5,main]) started.

> Task :app:generateDebugBuildConfig UP-TO-DATE
Caching disabled for task ':app:generateDebugBuildConfig' because:
  Build cache is disabled
Skipping task ':app:generateDebugBuildConfig' as it is up-to-date.
Resolve mutations for :app:generateDebugRFile (Thread[#1642,Execution worker Thread 13,5,main]) started.
:app:generateDebugRFile (Thread[#1642,Execution worker Thread 13,5,main]) started.

> Task :app:generateDebugRFile UP-TO-DATE
Caching disabled for task ':app:generateDebugRFile' because:
  Build cache is disabled
Skipping task ':app:generateDebugRFile' as it is up-to-date.
Resolve mutations for :core:domain:kspDebugKotlin (Thread[#1642,Execution worker Thread 13,5,main]) started.
:core:domain:kspDebugKotlin (Thread[#1642,Execution worker Thread 13,5,main]) started.
Resolve mutations for :core:domain:javaPreCompileDebug (Thread[#1633,Execution worker Thread 4,5,main]) started.
:core:domain:javaPreCompileDebug (Thread[#1633,Execution worker Thread 4,5,main]) started.

> Task :core:domain:javaPreCompileDebug UP-TO-DATE
Caching disabled for task ':core:domain:javaPreCompileDebug' because:
  Build cache is disabled
Skipping task ':core:domain:javaPreCompileDebug' as it is up-to-date.
Resolve mutations for :core:data:javaPreCompileDebug (Thread[#1633,Execution worker Thread 4,5,main]) started.
:core:data:javaPreCompileDebug (Thread[#1651,Execution worker Thread 21,5,main]) started.

> Task :core:data:javaPreCompileDebug UP-TO-DATE
Caching disabled for task ':core:data:javaPreCompileDebug' because:
  Build cache is disabled
Skipping task ':core:data:javaPreCompileDebug' as it is up-to-date.
Resolve mutations for :engine:javaPreCompileDebug (Thread[#1651,Execution worker Thread 21,5,main]) started.
:engine:javaPreCompileDebug (Thread[#1651,Execution worker Thread 21,5,main]) started.

> Task :engine:javaPreCompileDebug UP-TO-DATE
Caching disabled for task ':engine:javaPreCompileDebug' because:
  Build cache is disabled
Skipping task ':engine:javaPreCompileDebug' as it is up-to-date.
Resolve mutations for :app:javaPreCompileDebug (Thread[#1651,Execution worker Thread 21,5,main]) started.
:app:javaPreCompileDebug (Thread[#1643,Execution worker Thread 14,5,main]) started.

> Task :app:javaPreCompileDebug UP-TO-DATE
Caching disabled for task ':app:javaPreCompileDebug' because:
  Build cache is disabled
Skipping task ':app:javaPreCompileDebug' as it is up-to-date.
Resolve mutations for :engine:writeDebugAarMetadata (Thread[#1643,Execution worker Thread 14,5,main]) started.
:engine:writeDebugAarMetadata (Thread[#1643,Execution worker Thread 14,5,main]) started.

> Task :engine:writeDebugAarMetadata UP-TO-DATE
Caching disabled for task ':engine:writeDebugAarMetadata' because:
  Build cache is disabled
  Caching has been disabled for the task
Skipping task ':engine:writeDebugAarMetadata' as it is up-to-date.
work action resolve aar-metadata.properties (project :engine) (Thread[#1643,Execution worker Thread 14,5,main]) started.
Resolve mutations for :core:data:writeDebugAarMetadata (Thread[#1643,Execution worker Thread 14,5,main]) started.
:core:data:writeDebugAarMetadata (Thread[#1643,Execution worker Thread 14,5,main]) started.

> Task :core:data:writeDebugAarMetadata UP-TO-DATE
Caching disabled for task ':core:data:writeDebugAarMetadata' because:
  Build cache is disabled
  Caching has been disabled for the task
Skipping task ':core:data:writeDebugAarMetadata' as it is up-to-date.
work action resolve aar-metadata.properties (project :core:data) (Thread[#1643,Execution worker Thread 14,5,main]) started.
Resolve mutations for :core:domain:writeDebugAarMetadata (Thread[#1643,Execution worker Thread 14,5,main]) started.
:core:domain:writeDebugAarMetadata (Thread[#1643,Execution worker Thread 14,5,main]) started.

> Task :core:domain:writeDebugAarMetadata UP-TO-DATE
Caching disabled for task ':core:domain:writeDebugAarMetadata' because:
  Build cache is disabled
  Caching has been disabled for the task
Skipping task ':core:domain:writeDebugAarMetadata' as it is up-to-date.
work action resolve aar-metadata.properties (project :core:domain) (Thread[#1643,Execution worker Thread 14,5,main]) started.
Resolve mutations for :app:checkDebugAarMetadata (Thread[#1651,Execution worker Thread 21,5,main]) started.
:app:checkDebugAarMetadata (Thread[#1651,Execution worker Thread 21,5,main]) started.

> Task :app:checkDebugAarMetadata UP-TO-DATE
Caching disabled for task ':app:checkDebugAarMetadata' because:
  Build cache is disabled
  Caching has been disabled for the task
Skipping task ':app:checkDebugAarMetadata' as it is up-to-date.
Resolve mutations for :app:compileDebugNavigationResources (Thread[#1651,Execution worker Thread 21,5,main]) started.
:app:compileDebugNavigationResources (Thread[#1630,Execution worker,5,main]) started.

> Task :app:compileDebugNavigationResources UP-TO-DATE
Caching disabled for task ':app:compileDebugNavigationResources' because:
  Build cache is disabled
Skipping task ':app:compileDebugNavigationResources' as it is up-to-date.
Resolve mutations for :app:mapDebugSourceSetPaths (Thread[#1630,Execution worker,5,main]) started.
:app:mapDebugSourceSetPaths (Thread[#1630,Execution worker,5,main]) started.

> Task :app:mapDebugSourceSetPaths UP-TO-DATE
Caching disabled for task ':app:mapDebugSourceSetPaths' because:
  Build cache is disabled
  Caching has been disabled for the task
Skipping task ':app:mapDebugSourceSetPaths' as it is up-to-date.
Resolve mutations for :app:createDebugCompatibleScreenManifests (Thread[#1630,Execution worker,5,main]) started.
:app:createDebugCompatibleScreenManifests (Thread[#1630,Execution worker,5,main]) started.

> Task :app:createDebugCompatibleScreenManifests UP-TO-DATE
Caching disabled for task ':app:createDebugCompatibleScreenManifests' because:
  Build cache is disabled
  Caching has been disabled for the task
Skipping task ':app:createDebugCompatibleScreenManifests' as it is up-to-date.
Resolve mutations for :app:extractDeepLinksDebug (Thread[#1630,Execution worker,5,main]) started.
:app:extractDeepLinksDebug (Thread[#1630,Execution worker,5,main]) started.

> Task :app:extractDeepLinksDebug UP-TO-DATE
Caching disabled for task ':app:extractDeepLinksDebug' because:
  Build cache is disabled
Skipping task ':app:extractDeepLinksDebug' as it is up-to-date.
work action resolve navigation.json (project :app) (Thread[#1630,Execution worker,5,main]) started.
Resolve mutations for :engine:extractDeepLinksDebug (Thread[#1630,Execution worker,5,main]) started.
:engine:extractDeepLinksDebug (Thread[#1630,Execution worker,5,main]) started.

> Task :engine:extractDeepLinksDebug UP-TO-DATE
Caching disabled for task ':engine:extractDeepLinksDebug' because:
  Build cache is disabled
Skipping task ':engine:extractDeepLinksDebug' as it is up-to-date.
work action resolve navigation.json (project :engine) (Thread[#1630,Execution worker,5,main]) started.
Resolve mutations for :engine:processDebugManifest (Thread[#1630,Execution worker,5,main]) started.
:engine:processDebugManifest (Thread[#1630,Execution worker,5,main]) started.

> Task :engine:processDebugManifest UP-TO-DATE
Caching disabled for task ':engine:processDebugManifest' because:
  Build cache is disabled
Skipping task ':engine:processDebugManifest' as it is up-to-date.
work action resolve AndroidManifest.xml (project :engine) (Thread[#1630,Execution worker,5,main]) started.
Resolve mutations for :core:data:extractDeepLinksDebug (Thread[#1630,Execution worker,5,main]) started.
:core:data:extractDeepLinksDebug (Thread[#1630,Execution worker,5,main]) started.

> Task :core:data:extractDeepLinksDebug UP-TO-DATE
Caching disabled for task ':core:data:extractDeepLinksDebug' because:
  Build cache is disabled
Skipping task ':core:data:extractDeepLinksDebug' as it is up-to-date.
work action resolve navigation.json (project :core:data) (Thread[#1630,Execution worker,5,main]) started.
Resolve mutations for :core:data:processDebugManifest (Thread[#1630,Execution worker,5,main]) started.
:core:data:processDebugManifest (Thread[#1630,Execution worker,5,main]) started.

> Task :core:data:processDebugManifest UP-TO-DATE
Caching disabled for task ':core:data:processDebugManifest' because:
  Build cache is disabled
Skipping task ':core:data:processDebugManifest' as it is up-to-date.
work action resolve AndroidManifest.xml (project :core:data) (Thread[#1630,Execution worker,5,main]) started.
Resolve mutations for :core:domain:extractDeepLinksDebug (Thread[#1630,Execution worker,5,main]) started.
:core:domain:extractDeepLinksDebug (Thread[#1630,Execution worker,5,main]) started.

> Task :core:domain:extractDeepLinksDebug UP-TO-DATE
Caching disabled for task ':core:domain:extractDeepLinksDebug' because:
  Build cache is disabled
Skipping task ':core:domain:extractDeepLinksDebug' as it is up-to-date.
work action resolve navigation.json (project :core:domain) (Thread[#1630,Execution worker,5,main]) started.
Resolve mutations for :core:domain:processDebugManifest (Thread[#1630,Execution worker,5,main]) started.
:core:domain:processDebugManifest (Thread[#1630,Execution worker,5,main]) started.

> Task :core:domain:processDebugManifest UP-TO-DATE
Caching disabled for task ':core:domain:processDebugManifest' because:
  Build cache is disabled
Skipping task ':core:domain:processDebugManifest' as it is up-to-date.
work action resolve AndroidManifest.xml (project :core:domain) (Thread[#1630,Execution worker,5,main]) started.
Resolve mutations for :app:processDebugMainManifest (Thread[#1630,Execution worker,5,main]) started.
:app:processDebugMainManifest (Thread[#1630,Execution worker,5,main]) started.

> Task :app:processDebugMainManifest UP-TO-DATE
Caching disabled for task ':app:processDebugMainManifest' because:
  Build cache is disabled
Skipping task ':app:processDebugMainManifest' as it is up-to-date.
Resolve mutations for :app:processDebugManifest (Thread[#1630,Execution worker,5,main]) started.
:app:processDebugManifest (Thread[#1630,Execution worker,5,main]) started.

> Task :app:processDebugManifest UP-TO-DATE
Caching disabled for task ':app:processDebugManifest' because:
  Build cache is disabled
Skipping task ':app:processDebugManifest' as it is up-to-date.
Resolve mutations for :app:processDebugManifestForPackage (Thread[#1630,Execution worker,5,main]) started.
:app:processDebugManifestForPackage (Thread[#1639,Execution worker Thread 10,5,main]) started.

> Task :app:processDebugManifestForPackage UP-TO-DATE
Custom actions are attached to task ':app:processDebugManifestForPackage'.
Caching disabled for task ':app:processDebugManifestForPackage' because:
  Build cache is disabled
Skipping task ':app:processDebugManifestForPackage' as it is up-to-date.
Resolve mutations for :engine:compileDebugLibraryResources (Thread[#1639,Execution worker Thread 10,5,main]) started.
:engine:compileDebugLibraryResources (Thread[#1639,Execution worker Thread 10,5,main]) started.

> Task :engine:compileDebugLibraryResources UP-TO-DATE
Caching disabled for task ':engine:compileDebugLibraryResources' because:
  Build cache is disabled
Skipping task ':engine:compileDebugLibraryResources' as it is up-to-date.
work action resolve out (project :engine) (Thread[#1639,Execution worker Thread 10,5,main]) started.
Resolve mutations for :core:data:compileDebugLibraryResources (Thread[#1639,Execution worker Thread 10,5,main]) started.
:core:data:compileDebugLibraryResources (Thread[#1639,Execution worker Thread 10,5,main]) started.

> Task :core:data:compileDebugLibraryResources UP-TO-DATE
Caching disabled for task ':core:data:compileDebugLibraryResources' because:
  Build cache is disabled
Skipping task ':core:data:compileDebugLibraryResources' as it is up-to-date.
work action resolve out (project :core:data) (Thread[#1639,Execution worker Thread 10,5,main]) started.
Resolve mutations for :core:domain:compileDebugLibraryResources (Thread[#1639,Execution worker Thread 10,5,main]) started.
:core:domain:compileDebugLibraryResources (Thread[#1639,Execution worker Thread 10,5,main]) started.

> Task :core:domain:compileDebugLibraryResources UP-TO-DATE
Caching disabled for task ':core:domain:compileDebugLibraryResources' because:
  Build cache is disabled
Skipping task ':core:domain:compileDebugLibraryResources' as it is up-to-date.
work action resolve out (project :core:domain) (Thread[#1639,Execution worker Thread 10,5,main]) started.
Resolve mutations for :app:processDebugResources (Thread[#1639,Execution worker Thread 10,5,main]) started.
:app:processDebugResources (Thread[#1639,Execution worker Thread 10,5,main]) started.

> Task :app:processDebugResources UP-TO-DATE
Caching disabled for task ':app:processDebugResources' because:
  Build cache is disabled
Skipping task ':app:processDebugResources' as it is up-to-date.
Resolve mutations for :app:generateDebugAssets (Thread[#1639,Execution worker Thread 10,5,main]) started.
:app:generateDebugAssets (Thread[#1639,Execution worker Thread 10,5,main]) started.

> Task :app:generateDebugAssets UP-TO-DATE
Skipping task ':app:generateDebugAssets' as it has no actions.
Resolve mutations for :engine:generateDebugAssets (Thread[#1653,Execution worker Thread 23,5,main]) started.
:engine:generateDebugAssets (Thread[#1653,Execution worker Thread 23,5,main]) started.

> Task :engine:generateDebugAssets UP-TO-DATE
Skipping task ':engine:generateDebugAssets' as it has no actions.
Resolve mutations for :engine:mergeDebugAssets (Thread[#1643,Execution worker Thread 14,5,main]) started.
:engine:mergeDebugAssets (Thread[#1643,Execution worker Thread 14,5,main]) started.

> Task :engine:mergeDebugAssets UP-TO-DATE
Caching disabled for task ':engine:mergeDebugAssets' because:
  Build cache is disabled
  Simple merging task
Skipping task ':engine:mergeDebugAssets' as it is up-to-date.
work action resolve mergeDebugAssets (project :engine) (Thread[#1643,Execution worker Thread 14,5,main]) started.
Resolve mutations for :core:data:generateDebugAssets (Thread[#1643,Execution worker Thread 14,5,main]) started.
:core:data:generateDebugAssets (Thread[#1643,Execution worker Thread 14,5,main]) started.

> Task :core:data:generateDebugAssets UP-TO-DATE
Skipping task ':core:data:generateDebugAssets' as it has no actions.
Resolve mutations for :core:data:mergeDebugAssets (Thread[#1643,Execution worker Thread 14,5,main]) started.
:core:data:mergeDebugAssets (Thread[#1643,Execution worker Thread 14,5,main]) started.

> Task :core:data:mergeDebugAssets UP-TO-DATE
Caching disabled for task ':core:data:mergeDebugAssets' because:
  Build cache is disabled
  Simple merging task
Skipping task ':core:data:mergeDebugAssets' as it is up-to-date.
work action resolve mergeDebugAssets (project :core:data) (Thread[#1643,Execution worker Thread 14,5,main]) started.
Resolve mutations for :core:domain:generateDebugAssets (Thread[#1643,Execution worker Thread 14,5,main]) started.
:core:domain:generateDebugAssets (Thread[#1643,Execution worker Thread 14,5,main]) started.

> Task :core:domain:generateDebugAssets UP-TO-DATE
Skipping task ':core:domain:generateDebugAssets' as it has no actions.
Resolve mutations for :core:domain:mergeDebugAssets (Thread[#1643,Execution worker Thread 14,5,main]) started.
:core:domain:mergeDebugAssets (Thread[#1643,Execution worker Thread 14,5,main]) started.

> Task :core:domain:mergeDebugAssets UP-TO-DATE
Caching disabled for task ':core:domain:mergeDebugAssets' because:
  Build cache is disabled
  Simple merging task
Skipping task ':core:domain:mergeDebugAssets' as it is up-to-date.
work action resolve mergeDebugAssets (project :core:domain) (Thread[#1643,Execution worker Thread 14,5,main]) started.
Resolve mutations for :app:mergeDebugAssets (Thread[#1643,Execution worker Thread 14,5,main]) started.
:app:mergeDebugAssets (Thread[#1643,Execution worker Thread 14,5,main]) started.

> Task :app:mergeDebugAssets UP-TO-DATE
Caching disabled for task ':app:mergeDebugAssets' because:
  Build cache is disabled
  Simple merging task
Skipping task ':app:mergeDebugAssets' as it is up-to-date.
Resolve mutations for :app:preDebugUnitTestBuild (Thread[#1643,Execution worker Thread 14,5,main]) started.
:app:preDebugUnitTestBuild (Thread[#1643,Execution worker Thread 14,5,main]) started.

> Task :app:preDebugUnitTestBuild UP-TO-DATE
Skipping task ':app:preDebugUnitTestBuild' as it has no actions.
Resolve mutations for :app:packageDebugUnitTestForUnitTest (Thread[#1643,Execution worker Thread 14,5,main]) started.
:app:packageDebugUnitTestForUnitTest (Thread[#1643,Execution worker Thread 14,5,main]) started.

> Task :app:packageDebugUnitTestForUnitTest UP-TO-DATE
Caching disabled for task ':app:packageDebugUnitTestForUnitTest' because:
  Build cache is disabled
  Simple merging task
Skipping task ':app:packageDebugUnitTestForUnitTest' as it is up-to-date.
Resolve mutations for :app:processDebugUnitTestManifest (Thread[#1643,Execution worker Thread 14,5,main]) started.
:app:processDebugUnitTestManifest (Thread[#1643,Execution worker Thread 14,5,main]) started.

> Task :app:processDebugUnitTestManifest UP-TO-DATE
Caching disabled for task ':app:processDebugUnitTestManifest' because:
  Build cache is disabled
  Caching has been disabled for the task
Skipping task ':app:processDebugUnitTestManifest' as it is up-to-date.
Resolve mutations for :app:generateDebugUnitTestConfig (Thread[#1643,Execution worker Thread 14,5,main]) started.
:app:generateDebugUnitTestConfig (Thread[#1643,Execution worker Thread 14,5,main]) started.

> Task :app:generateDebugUnitTestConfig UP-TO-DATE
Caching disabled for task ':app:generateDebugUnitTestConfig' because:
  Build cache is disabled
  Caching has been disabled for the task
Skipping task ':app:generateDebugUnitTestConfig' as it is up-to-date.
Resolve mutations for :app:javaPreCompileDebugUnitTest (Thread[#1643,Execution worker Thread 14,5,main]) started.
:app:javaPreCompileDebugUnitTest (Thread[#1653,Execution worker Thread 23,5,main]) started.

> Task :app:javaPreCompileDebugUnitTest UP-TO-DATE
Caching disabled for task ':app:javaPreCompileDebugUnitTest' because:
  Build cache is disabled
Skipping task ':app:javaPreCompileDebugUnitTest' as it is up-to-date.

> Task :core:domain:kspDebugKotlin
Caching disabled for task ':core:domain:kspDebugKotlin' because:
  Build cache is disabled
Task ':core:domain:kspDebugKotlin' is not up-to-date because:
  Value of input property 'kspConfig.logLevel' has changed for task ':core:domain:kspDebugKotlin'
The input changes require a full rebuild for incremental task ':core:domain:kspDebugKotlin'.
file or directory '/home/tazztone/_coding/lossless-video-cut/core/domain/src/main/kotlin', not found
file or directory '/home/tazztone/_coding/lossless-video-cut/core/domain/src/debug/java', not found
file or directory '/home/tazztone/_coding/lossless-video-cut/core/domain/src/debug/kotlin', not found
file or directory '/home/tazztone/_coding/lossless-video-cut/core/domain/src/main/kotlin', not found
file or directory '/home/tazztone/_coding/lossless-video-cut/core/domain/src/debug/java', not found
file or directory '/home/tazztone/_coding/lossless-video-cut/core/domain/src/debug/kotlin', not found
i: [ksp] loaded provider(s): [dagger.hilt.processor.internal.uninstallmodules.KspUninstallModulesProcessor$Provider, dagger.hilt.android.processor.internal.viewmodel.KspViewModelProcessor$Provider, dagger.hilt.processor.internal.earlyentrypoint.KspEarlyEntryPointProcessor$Provider, dagger.hilt.android.processor.internal.androidentrypoint.KspAndroidEntryPointProcessor$Provider, dagger.hilt.processor.internal.definecomponent.KspDefineComponentProcessor$Provider, dagger.hilt.processor.internal.originatingelement.KspOriginatingElementProcessor$Provider, dagger.hilt.android.processor.internal.bindvalue.KspBindValueProcessor$Provider, dagger.hilt.processor.internal.root.KspComponentTreeDepsProcessor$Provider, dagger.hilt.processor.internal.root.KspRootProcessor$Provider, dagger.hilt.processor.internal.aliasof.KspAliasOfProcessor$Provider, dagger.hilt.processor.internal.aggregateddeps.KspAggregatedDepsProcessor$Provider, dagger.hilt.processor.internal.generatesrootinput.KspGeneratesRootInputProcessor$Provider, dagger.hilt.android.processor.internal.customtestapplication.KspCustomTestApplicationProcessor$Provider, dagger.internal.codegen.KspComponentProcessor$Provider]
Resolve mutations for :core:domain:compileDebugKotlin (Thread[#1642,Execution worker Thread 13,5,main]) started.
:core:domain:compileDebugKotlin (Thread[#1642,Execution worker Thread 13,5,main]) started.

> Task :core:domain:compileDebugKotlin UP-TO-DATE
file or directory '/home/tazztone/_coding/lossless-video-cut/core/domain/src/main/kotlin', not found
file or directory '/home/tazztone/_coding/lossless-video-cut/core/domain/src/debug/java', not found
file or directory '/home/tazztone/_coding/lossless-video-cut/core/domain/src/debug/kotlin', not found
file or directory '/home/tazztone/_coding/lossless-video-cut/core/domain/src/debug/java', not found
file or directory '/home/tazztone/_coding/lossless-video-cut/core/domain/src/main/kotlin', not found
file or directory '/home/tazztone/_coding/lossless-video-cut/core/domain/src/debug/java', not found
file or directory '/home/tazztone/_coding/lossless-video-cut/core/domain/src/debug/kotlin', not found
file or directory '/home/tazztone/_coding/lossless-video-cut/core/domain/src/debug/java', not found
file or directory '/home/tazztone/_coding/lossless-video-cut/core/domain/src/main/kotlin', not found
file or directory '/home/tazztone/_coding/lossless-video-cut/core/domain/src/debug/java', not found
file or directory '/home/tazztone/_coding/lossless-video-cut/core/domain/src/debug/kotlin', not found
file or directory '/home/tazztone/_coding/lossless-video-cut/core/domain/src/debug/java', not found
Custom actions are attached to task ':core:domain:compileDebugKotlin'.
Caching disabled for task ':core:domain:compileDebugKotlin' because:
  Build cache is disabled
Skipping task ':core:domain:compileDebugKotlin' as it is up-to-date.
Resolve mutations for :core:domain:compileDebugJavaWithJavac (Thread[#1642,Execution worker Thread 13,5,main]) started.
:core:domain:compileDebugJavaWithJavac (Thread[#1642,Execution worker Thread 13,5,main]) started.

> Task :core:domain:compileDebugJavaWithJavac UP-TO-DATE
Custom actions are attached to task ':core:domain:compileDebugJavaWithJavac'.
Caching disabled for task ':core:domain:compileDebugJavaWithJavac' because:
  Build cache is disabled
Skipping task ':core:domain:compileDebugJavaWithJavac' as it is up-to-date.
No compile result for :core:domain:compileDebugJavaWithJavac
Resolve mutations for :core:domain:transformDebugClassesWithAsm (Thread[#1642,Execution worker Thread 13,5,main]) started.
:core:domain:transformDebugClassesWithAsm (Thread[#1642,Execution worker Thread 13,5,main]) started.

> Task :core:domain:transformDebugClassesWithAsm UP-TO-DATE
Caching disabled for task ':core:domain:transformDebugClassesWithAsm' because:
  Build cache is disabled
Skipping task ':core:domain:transformDebugClassesWithAsm' as it is up-to-date.
Resolve mutations for :core:domain:bundleLibCompileToJarDebug (Thread[#1642,Execution worker Thread 13,5,main]) started.
:core:domain:bundleLibCompileToJarDebug (Thread[#1642,Execution worker Thread 13,5,main]) started.

> Task :core:domain:bundleLibCompileToJarDebug UP-TO-DATE
Caching disabled for task ':core:domain:bundleLibCompileToJarDebug' because:
  Build cache is disabled
  Simple merging task
Skipping task ':core:domain:bundleLibCompileToJarDebug' as it is up-to-date.
work action resolve classes.jar (project :core:domain) (Thread[#1642,Execution worker Thread 13,5,main]) started.
Resolve mutations for :core:data:kspDebugKotlin (Thread[#1642,Execution worker Thread 13,5,main]) started.
IdentityTransform (Thread[#1637,Execution worker Thread 8,5,main]) started.
:core:data:kspDebugKotlin (Thread[#1642,Execution worker Thread 13,5,main]) started.
CopyTransform (Thread[#1637,Execution worker Thread 8,5,main]) started.
AggregatedPackagesTransform (Thread[#1637,Execution worker Thread 8,5,main]) started.
Resolve mutations for :core:domain:bundleLibRuntimeToJarDebug (Thread[#1639,Execution worker Thread 10,5,main]) started.
:core:domain:bundleLibRuntimeToJarDebug (Thread[#1639,Execution worker Thread 10,5,main]) started.

> Task :core:domain:bundleLibRuntimeToJarDebug UP-TO-DATE
Caching disabled for task ':core:domain:bundleLibRuntimeToJarDebug' because:
  Build cache is disabled
  Simple merging task
Skipping task ':core:domain:bundleLibRuntimeToJarDebug' as it is up-to-date.
work action resolve classes.jar (project :core:domain) (Thread[#1639,Execution worker Thread 10,5,main]) started.
IdentityTransform (Thread[#1649,Execution worker Thread 19,5,main]) started.
Resolve mutations for :core:domain:processDebugJavaRes (Thread[#1651,Execution worker Thread 21,5,main]) started.
CopyTransform (Thread[#1649,Execution worker Thread 19,5,main]) started.
:core:domain:processDebugJavaRes (Thread[#1651,Execution worker Thread 21,5,main]) started.
AggregatedPackagesTransform (Thread[#1649,Execution worker Thread 19,5,main]) started.

> Task :core:domain:processDebugJavaRes UP-TO-DATE
file or directory '/home/tazztone/_coding/lossless-video-cut/core/domain/src/main/resources', not found
file or directory '/home/tazztone/_coding/lossless-video-cut/core/domain/src/debug/resources', not found
Caching disabled for task ':core:domain:processDebugJavaRes' because:
  Build cache is disabled
  Caching has been disabled for the task
Skipping task ':core:domain:processDebugJavaRes' as it is up-to-date.
work action resolve out (project :core:domain) (Thread[#1651,Execution worker Thread 21,5,main]) started.

> Task :core:data:kspDebugKotlin
Caching disabled for task ':core:data:kspDebugKotlin' because:
  Build cache is disabled
Task ':core:data:kspDebugKotlin' is not up-to-date because:
  Value of input property 'kspConfig.logLevel' has changed for task ':core:data:kspDebugKotlin'
The input changes require a full rebuild for incremental task ':core:data:kspDebugKotlin'.
file or directory '/home/tazztone/_coding/lossless-video-cut/core/data/src/main/kotlin', not found
file or directory '/home/tazztone/_coding/lossless-video-cut/core/data/src/debug/java', not found
file or directory '/home/tazztone/_coding/lossless-video-cut/core/data/src/debug/kotlin', not found
file or directory '/home/tazztone/_coding/lossless-video-cut/core/data/src/main/kotlin', not found
file or directory '/home/tazztone/_coding/lossless-video-cut/core/data/src/debug/java', not found
file or directory '/home/tazztone/_coding/lossless-video-cut/core/data/src/debug/kotlin', not found
i: [ksp] loaded provider(s): [dagger.hilt.processor.internal.uninstallmodules.KspUninstallModulesProcessor$Provider, dagger.hilt.android.processor.internal.viewmodel.KspViewModelProcessor$Provider, dagger.hilt.processor.internal.earlyentrypoint.KspEarlyEntryPointProcessor$Provider, dagger.hilt.android.processor.internal.androidentrypoint.KspAndroidEntryPointProcessor$Provider, dagger.hilt.processor.internal.definecomponent.KspDefineComponentProcessor$Provider, dagger.hilt.processor.internal.originatingelement.KspOriginatingElementProcessor$Provider, dagger.hilt.android.processor.internal.bindvalue.KspBindValueProcessor$Provider, dagger.hilt.processor.internal.root.KspComponentTreeDepsProcessor$Provider, dagger.hilt.processor.internal.root.KspRootProcessor$Provider, dagger.hilt.processor.internal.aliasof.KspAliasOfProcessor$Provider, dagger.hilt.processor.internal.aggregateddeps.KspAggregatedDepsProcessor$Provider, dagger.hilt.processor.internal.generatesrootinput.KspGeneratesRootInputProcessor$Provider, dagger.hilt.android.processor.internal.customtestapplication.KspCustomTestApplicationProcessor$Provider, dagger.internal.codegen.KspComponentProcessor$Provider]
Resolve mutations for :core:data:compileDebugKotlin (Thread[#1642,Execution worker Thread 13,5,main]) started.
:core:data:compileDebugKotlin (Thread[#1642,Execution worker Thread 13,5,main]) started.

> Task :core:data:compileDebugKotlin UP-TO-DATE
file or directory '/home/tazztone/_coding/lossless-video-cut/core/data/src/main/kotlin', not found
file or directory '/home/tazztone/_coding/lossless-video-cut/core/data/src/debug/java', not found
file or directory '/home/tazztone/_coding/lossless-video-cut/core/data/src/debug/kotlin', not found
file or directory '/home/tazztone/_coding/lossless-video-cut/core/data/src/debug/java', not found
file or directory '/home/tazztone/_coding/lossless-video-cut/core/data/src/main/kotlin', not found
file or directory '/home/tazztone/_coding/lossless-video-cut/core/data/src/debug/java', not found
file or directory '/home/tazztone/_coding/lossless-video-cut/core/data/src/debug/kotlin', not found
file or directory '/home/tazztone/_coding/lossless-video-cut/core/data/src/debug/java', not found
file or directory '/home/tazztone/_coding/lossless-video-cut/core/data/src/main/kotlin', not found
file or directory '/home/tazztone/_coding/lossless-video-cut/core/data/src/debug/java', not found
file or directory '/home/tazztone/_coding/lossless-video-cut/core/data/src/debug/kotlin', not found
file or directory '/home/tazztone/_coding/lossless-video-cut/core/data/src/debug/java', not found
Custom actions are attached to task ':core:data:compileDebugKotlin'.
Caching disabled for task ':core:data:compileDebugKotlin' because:
  Build cache is disabled
Skipping task ':core:data:compileDebugKotlin' as it is up-to-date.
Resolve mutations for :core:data:compileDebugJavaWithJavac (Thread[#1642,Execution worker Thread 13,5,main]) started.
:core:data:compileDebugJavaWithJavac (Thread[#1642,Execution worker Thread 13,5,main]) started.

> Task :core:data:compileDebugJavaWithJavac UP-TO-DATE
Custom actions are attached to task ':core:data:compileDebugJavaWithJavac'.
Caching disabled for task ':core:data:compileDebugJavaWithJavac' because:
  Build cache is disabled
Skipping task ':core:data:compileDebugJavaWithJavac' as it is up-to-date.
No compile result for :core:data:compileDebugJavaWithJavac
Resolve mutations for :core:data:transformDebugClassesWithAsm (Thread[#1642,Execution worker Thread 13,5,main]) started.
:core:data:transformDebugClassesWithAsm (Thread[#1642,Execution worker Thread 13,5,main]) started.

> Task :core:data:transformDebugClassesWithAsm UP-TO-DATE
Caching disabled for task ':core:data:transformDebugClassesWithAsm' because:
  Build cache is disabled
Skipping task ':core:data:transformDebugClassesWithAsm' as it is up-to-date.
Resolve mutations for :core:data:bundleLibCompileToJarDebug (Thread[#1642,Execution worker Thread 13,5,main]) started.
:core:data:bundleLibCompileToJarDebug (Thread[#1642,Execution worker Thread 13,5,main]) started.

> Task :core:data:bundleLibCompileToJarDebug UP-TO-DATE
Caching disabled for task ':core:data:bundleLibCompileToJarDebug' because:
  Build cache is disabled
  Simple merging task
Skipping task ':core:data:bundleLibCompileToJarDebug' as it is up-to-date.
work action resolve classes.jar (project :core:data) (Thread[#1642,Execution worker Thread 13,5,main]) started.
Resolve mutations for :engine:kspDebugKotlin (Thread[#1642,Execution worker Thread 13,5,main]) started.
IdentityTransform (Thread[#1629,included builds,5,main]) started.
:engine:kspDebugKotlin (Thread[#1635,Execution worker Thread 6,5,main]) started.
CopyTransform (Thread[#1629,included builds,5,main]) started.
AggregatedPackagesTransform (Thread[#1629,included builds,5,main]) started.
Resolve mutations for :core:data:bundleLibRuntimeToJarDebug (Thread[#1629,included builds,5,main]) started.
:core:data:bundleLibRuntimeToJarDebug (Thread[#1629,included builds,5,main]) started.

> Task :core:data:bundleLibRuntimeToJarDebug UP-TO-DATE
Caching disabled for task ':core:data:bundleLibRuntimeToJarDebug' because:
  Build cache is disabled
  Simple merging task
Skipping task ':core:data:bundleLibRuntimeToJarDebug' as it is up-to-date.
work action resolve classes.jar (project :core:data) (Thread[#1629,included builds,5,main]) started.
IdentityTransform (Thread[#1629,included builds,5,main]) started.
Resolve mutations for :core:data:processDebugJavaRes (Thread[#1643,Execution worker Thread 14,5,main]) started.
CopyTransform (Thread[#1629,included builds,5,main]) started.
AggregatedPackagesTransform (Thread[#1629,included builds,5,main]) started.
:core:data:processDebugJavaRes (Thread[#1651,Execution worker Thread 21,5,main]) started.

> Task :core:data:processDebugJavaRes UP-TO-DATE
file or directory '/home/tazztone/_coding/lossless-video-cut/core/data/src/main/resources', not found
file or directory '/home/tazztone/_coding/lossless-video-cut/core/data/src/debug/resources', not found
Caching disabled for task ':core:data:processDebugJavaRes' because:
  Build cache is disabled
  Caching has been disabled for the task
Skipping task ':core:data:processDebugJavaRes' as it is up-to-date.
work action resolve out (project :core:data) (Thread[#1651,Execution worker Thread 21,5,main]) started.

> Task :engine:kspDebugKotlin
Caching disabled for task ':engine:kspDebugKotlin' because:
  Build cache is disabled
Task ':engine:kspDebugKotlin' is not up-to-date because:
  Value of input property 'kspConfig.logLevel' has changed for task ':engine:kspDebugKotlin'
The input changes require a full rebuild for incremental task ':engine:kspDebugKotlin'.
file or directory '/home/tazztone/_coding/lossless-video-cut/engine/src/main/kotlin', not found
file or directory '/home/tazztone/_coding/lossless-video-cut/engine/src/debug/java', not found
file or directory '/home/tazztone/_coding/lossless-video-cut/engine/src/debug/kotlin', not found
file or directory '/home/tazztone/_coding/lossless-video-cut/engine/src/main/kotlin', not found
file or directory '/home/tazztone/_coding/lossless-video-cut/engine/src/debug/java', not found
file or directory '/home/tazztone/_coding/lossless-video-cut/engine/src/debug/kotlin', not found
i: [ksp] loaded provider(s): [dagger.hilt.processor.internal.uninstallmodules.KspUninstallModulesProcessor$Provider, dagger.hilt.android.processor.internal.viewmodel.KspViewModelProcessor$Provider, dagger.hilt.processor.internal.earlyentrypoint.KspEarlyEntryPointProcessor$Provider, dagger.hilt.android.processor.internal.androidentrypoint.KspAndroidEntryPointProcessor$Provider, dagger.hilt.processor.internal.definecomponent.KspDefineComponentProcessor$Provider, dagger.hilt.processor.internal.originatingelement.KspOriginatingElementProcessor$Provider, dagger.hilt.android.processor.internal.bindvalue.KspBindValueProcessor$Provider, dagger.hilt.processor.internal.root.KspComponentTreeDepsProcessor$Provider, dagger.hilt.processor.internal.root.KspRootProcessor$Provider, dagger.hilt.processor.internal.aliasof.KspAliasOfProcessor$Provider, dagger.hilt.processor.internal.aggregateddeps.KspAggregatedDepsProcessor$Provider, dagger.hilt.processor.internal.generatesrootinput.KspGeneratesRootInputProcessor$Provider, dagger.hilt.android.processor.internal.customtestapplication.KspCustomTestApplicationProcessor$Provider, dagger.internal.codegen.KspComponentProcessor$Provider]
Resolve mutations for :engine:compileDebugKotlin (Thread[#1635,Execution worker Thread 6,5,main]) started.
:engine:compileDebugKotlin (Thread[#1635,Execution worker Thread 6,5,main]) started.

> Task :engine:compileDebugKotlin UP-TO-DATE
file or directory '/home/tazztone/_coding/lossless-video-cut/engine/src/main/kotlin', not found
file or directory '/home/tazztone/_coding/lossless-video-cut/engine/src/debug/java', not found
file or directory '/home/tazztone/_coding/lossless-video-cut/engine/src/debug/kotlin', not found
file or directory '/home/tazztone/_coding/lossless-video-cut/engine/src/debug/java', not found
file or directory '/home/tazztone/_coding/lossless-video-cut/engine/src/main/kotlin', not found
file or directory '/home/tazztone/_coding/lossless-video-cut/engine/src/debug/java', not found
file or directory '/home/tazztone/_coding/lossless-video-cut/engine/src/debug/kotlin', not found
file or directory '/home/tazztone/_coding/lossless-video-cut/engine/src/debug/java', not found
file or directory '/home/tazztone/_coding/lossless-video-cut/engine/src/main/kotlin', not found
file or directory '/home/tazztone/_coding/lossless-video-cut/engine/src/debug/java', not found
file or directory '/home/tazztone/_coding/lossless-video-cut/engine/src/debug/kotlin', not found
file or directory '/home/tazztone/_coding/lossless-video-cut/engine/src/debug/java', not found
Custom actions are attached to task ':engine:compileDebugKotlin'.
Caching disabled for task ':engine:compileDebugKotlin' because:
  Build cache is disabled
Skipping task ':engine:compileDebugKotlin' as it is up-to-date.
Resolve mutations for :engine:compileDebugJavaWithJavac (Thread[#1635,Execution worker Thread 6,5,main]) started.
:engine:compileDebugJavaWithJavac (Thread[#1635,Execution worker Thread 6,5,main]) started.

> Task :engine:compileDebugJavaWithJavac UP-TO-DATE
Custom actions are attached to task ':engine:compileDebugJavaWithJavac'.
Caching disabled for task ':engine:compileDebugJavaWithJavac' because:
  Build cache is disabled
Skipping task ':engine:compileDebugJavaWithJavac' as it is up-to-date.
No compile result for :engine:compileDebugJavaWithJavac
Resolve mutations for :engine:transformDebugClassesWithAsm (Thread[#1635,Execution worker Thread 6,5,main]) started.
:engine:transformDebugClassesWithAsm (Thread[#1635,Execution worker Thread 6,5,main]) started.

> Task :engine:transformDebugClassesWithAsm UP-TO-DATE
Caching disabled for task ':engine:transformDebugClassesWithAsm' because:
  Build cache is disabled
Skipping task ':engine:transformDebugClassesWithAsm' as it is up-to-date.
Resolve mutations for :engine:bundleLibCompileToJarDebug (Thread[#1635,Execution worker Thread 6,5,main]) started.
:engine:bundleLibCompileToJarDebug (Thread[#1635,Execution worker Thread 6,5,main]) started.

> Task :engine:bundleLibCompileToJarDebug UP-TO-DATE
Caching disabled for task ':engine:bundleLibCompileToJarDebug' because:
  Build cache is disabled
  Simple merging task
Skipping task ':engine:bundleLibCompileToJarDebug' as it is up-to-date.
work action resolve classes.jar (project :engine) (Thread[#1635,Execution worker Thread 6,5,main]) started.
Resolve mutations for :app:kspDebugKotlin (Thread[#1635,Execution worker Thread 6,5,main]) started.
IdentityTransform (Thread[#1651,Execution worker Thread 21,5,main]) started.
:app:kspDebugKotlin (Thread[#1635,Execution worker Thread 6,5,main]) started.
CopyTransform (Thread[#1651,Execution worker Thread 21,5,main]) started.
AggregatedPackagesTransform (Thread[#1651,Execution worker Thread 21,5,main]) started.
Resolve mutations for :engine:bundleLibRuntimeToJarDebug (Thread[#1647,Execution worker Thread 17,5,main]) started.
:engine:bundleLibRuntimeToJarDebug (Thread[#1647,Execution worker Thread 17,5,main]) started.

> Task :engine:bundleLibRuntimeToJarDebug UP-TO-DATE
Caching disabled for task ':engine:bundleLibRuntimeToJarDebug' because:
  Build cache is disabled
  Simple merging task
Skipping task ':engine:bundleLibRuntimeToJarDebug' as it is up-to-date.
work action resolve classes.jar (project :engine) (Thread[#1647,Execution worker Thread 17,5,main]) started.
IdentityTransform (Thread[#1647,Execution worker Thread 17,5,main]) started.
Resolve mutations for :engine:processDebugJavaRes (Thread[#1649,Execution worker Thread 19,5,main]) started.
:engine:processDebugJavaRes (Thread[#1649,Execution worker Thread 19,5,main]) started.
CopyTransform (Thread[#1647,Execution worker Thread 17,5,main]) started.
AggregatedPackagesTransform (Thread[#1647,Execution worker Thread 17,5,main]) started.

> Task :engine:processDebugJavaRes UP-TO-DATE
file or directory '/home/tazztone/_coding/lossless-video-cut/engine/src/main/resources', not found
file or directory '/home/tazztone/_coding/lossless-video-cut/engine/src/debug/resources', not found
Caching disabled for task ':engine:processDebugJavaRes' because:
  Build cache is disabled
  Caching has been disabled for the task
Skipping task ':engine:processDebugJavaRes' as it is up-to-date.
work action resolve out (project :engine) (Thread[#1649,Execution worker Thread 19,5,main]) started.

> Task :app:kspDebugKotlin
Caching disabled for task ':app:kspDebugKotlin' because:
  Build cache is disabled
Task ':app:kspDebugKotlin' is not up-to-date because:
  Value of input property 'kspConfig.logLevel' has changed for task ':app:kspDebugKotlin'
The input changes require a full rebuild for incremental task ':app:kspDebugKotlin'.
file or directory '/home/tazztone/_coding/lossless-video-cut/app/src/main/kotlin', not found
file or directory '/home/tazztone/_coding/lossless-video-cut/app/src/debug/kotlin', not found
file or directory '/home/tazztone/_coding/lossless-video-cut/app/src/main/kotlin', not found
file or directory '/home/tazztone/_coding/lossless-video-cut/app/src/debug/kotlin', not found
i: [ksp] loaded provider(s): [dagger.hilt.processor.internal.uninstallmodules.KspUninstallModulesProcessor$Provider, dagger.hilt.android.processor.internal.viewmodel.KspViewModelProcessor$Provider, dagger.hilt.processor.internal.earlyentrypoint.KspEarlyEntryPointProcessor$Provider, dagger.hilt.android.processor.internal.androidentrypoint.KspAndroidEntryPointProcessor$Provider, dagger.hilt.processor.internal.definecomponent.KspDefineComponentProcessor$Provider, dagger.hilt.processor.internal.originatingelement.KspOriginatingElementProcessor$Provider, dagger.hilt.android.processor.internal.bindvalue.KspBindValueProcessor$Provider, dagger.hilt.processor.internal.root.KspComponentTreeDepsProcessor$Provider, dagger.hilt.processor.internal.root.KspRootProcessor$Provider, dagger.hilt.processor.internal.aliasof.KspAliasOfProcessor$Provider, dagger.hilt.processor.internal.aggregateddeps.KspAggregatedDepsProcessor$Provider, dagger.hilt.processor.internal.generatesrootinput.KspGeneratesRootInputProcessor$Provider, dagger.hilt.android.processor.internal.customtestapplication.KspCustomTestApplicationProcessor$Provider, dagger.internal.codegen.KspComponentProcessor$Provider]
Resolve mutations for :app:compileDebugKotlin (Thread[#1635,Execution worker Thread 6,5,main]) started.
:app:compileDebugKotlin (Thread[#1635,Execution worker Thread 6,5,main]) started.

> Task :app:compileDebugKotlin UP-TO-DATE
file or directory '/home/tazztone/_coding/lossless-video-cut/app/src/main/kotlin', not found
file or directory '/home/tazztone/_coding/lossless-video-cut/app/src/debug/kotlin', not found
file or directory '/home/tazztone/_coding/lossless-video-cut/app/src/main/kotlin', not found
file or directory '/home/tazztone/_coding/lossless-video-cut/app/src/debug/kotlin', not found
file or directory '/home/tazztone/_coding/lossless-video-cut/app/src/main/kotlin', not found
file or directory '/home/tazztone/_coding/lossless-video-cut/app/src/debug/kotlin', not found
Custom actions are attached to task ':app:compileDebugKotlin'.
Caching disabled for task ':app:compileDebugKotlin' because:
  Build cache is disabled
Skipping task ':app:compileDebugKotlin' as it is up-to-date.
Resolve mutations for :app:compileDebugJavaWithJavac (Thread[#1635,Execution worker Thread 6,5,main]) started.
:app:compileDebugJavaWithJavac (Thread[#1635,Execution worker Thread 6,5,main]) started.

> Task :app:compileDebugJavaWithJavac UP-TO-DATE
Custom actions are attached to task ':app:compileDebugJavaWithJavac'.
Caching disabled for task ':app:compileDebugJavaWithJavac' because:
  Build cache is disabled
Skipping task ':app:compileDebugJavaWithJavac' as it is up-to-date.
No compile result for :app:compileDebugJavaWithJavac
Resolve mutations for :app:hiltSyncDebug (Thread[#1635,Execution worker Thread 6,5,main]) started.
:app:hiltSyncDebug (Thread[#1635,Execution worker Thread 6,5,main]) started.

> Task :app:hiltSyncDebug UP-TO-DATE
Caching disabled for task ':app:hiltSyncDebug' because:
  Build cache is disabled
  Not worth caching
Skipping task ':app:hiltSyncDebug' as it is up-to-date.
Resolve mutations for :app:hiltAggregateDepsDebug (Thread[#1635,Execution worker Thread 6,5,main]) started.
:app:hiltAggregateDepsDebug (Thread[#1635,Execution worker Thread 6,5,main]) started.

> Task :app:hiltAggregateDepsDebug UP-TO-DATE
Caching disabled for task ':app:hiltAggregateDepsDebug' because:
  Build cache is disabled
Skipping task ':app:hiltAggregateDepsDebug' as it is up-to-date.
Resolve mutations for :app:hiltJavaCompileDebug (Thread[#1635,Execution worker Thread 6,5,main]) started.
:app:hiltJavaCompileDebug (Thread[#1649,Execution worker Thread 19,5,main]) started.

> Task :app:hiltJavaCompileDebug UP-TO-DATE
Caching disabled for task ':app:hiltJavaCompileDebug' because:
  Build cache is disabled
Skipping task ':app:hiltJavaCompileDebug' as it is up-to-date.
No compile result for :app:hiltJavaCompileDebug
Resolve mutations for :app:transformDebugClassesWithAsm (Thread[#1649,Execution worker Thread 19,5,main]) started.
:app:transformDebugClassesWithAsm (Thread[#1649,Execution worker Thread 19,5,main]) started.

> Task :app:transformDebugClassesWithAsm UP-TO-DATE
Caching disabled for task ':app:transformDebugClassesWithAsm' because:
  Build cache is disabled
Skipping task ':app:transformDebugClassesWithAsm' as it is up-to-date.
Resolve mutations for :app:bundleDebugClassesToRuntimeJar (Thread[#1649,Execution worker Thread 19,5,main]) started.
:app:bundleDebugClassesToRuntimeJar (Thread[#1649,Execution worker Thread 19,5,main]) started.

> Task :app:bundleDebugClassesToRuntimeJar UP-TO-DATE
Caching disabled for task ':app:bundleDebugClassesToRuntimeJar' because:
  Build cache is disabled
  Caching has been disabled for the task
Skipping task ':app:bundleDebugClassesToRuntimeJar' as it is up-to-date.
work action resolve classes.jar (project :app) (Thread[#1649,Execution worker Thread 19,5,main]) started.
Resolve mutations for :app:processDebugJavaRes (Thread[#1649,Execution worker Thread 19,5,main]) started.
IdentityTransform (Thread[#1647,Execution worker Thread 17,5,main]) started.
:app:processDebugJavaRes (Thread[#1632,Execution worker Thread 3,5,main]) started.
CopyTransform (Thread[#1647,Execution worker Thread 17,5,main]) started.
AggregatedPackagesTransform (Thread[#1647,Execution worker Thread 17,5,main]) started.

> Task :app:processDebugJavaRes UP-TO-DATE
file or directory '/home/tazztone/_coding/lossless-video-cut/app/src/main/resources', not found
file or directory '/home/tazztone/_coding/lossless-video-cut/app/src/debug/resources', not found
Caching disabled for task ':app:processDebugJavaRes' because:
  Build cache is disabled
  Caching has been disabled for the task
Skipping task ':app:processDebugJavaRes' as it is up-to-date.
work action resolve out (project :app) (Thread[#1632,Execution worker Thread 3,5,main]) started.
Resolve mutations for :app:bundleDebugClassesToCompileJar (Thread[#1632,Execution worker Thread 3,5,main]) started.
:app:bundleDebugClassesToCompileJar (Thread[#1632,Execution worker Thread 3,5,main]) started.

> Task :app:bundleDebugClassesToCompileJar UP-TO-DATE
Caching disabled for task ':app:bundleDebugClassesToCompileJar' because:
  Build cache is disabled
  Caching has been disabled for the task
Skipping task ':app:bundleDebugClassesToCompileJar' as it is up-to-date.
work action resolve classes.jar (project :app) (Thread[#1632,Execution worker Thread 3,5,main]) started.
Resolve mutations for :app:kspDebugUnitTestKotlin (Thread[#1629,included builds,5,main]) started.
IdentityTransform (Thread[#1633,Execution worker Thread 4,5,main]) started.
CopyTransform (Thread[#1633,Execution worker Thread 4,5,main]) started.
AggregatedPackagesTransform (Thread[#1633,Execution worker Thread 4,5,main]) started.
:app:kspDebugUnitTestKotlin (Thread[#1641,Execution worker Thread 12,5,main]) started.

> Task :app:kspDebugUnitTestKotlin
Caching disabled for task ':app:kspDebugUnitTestKotlin' because:
  Build cache is disabled
Task ':app:kspDebugUnitTestKotlin' is not up-to-date because:
  Value of input property 'kspConfig.logLevel' has changed for task ':app:kspDebugUnitTestKotlin'
The input changes require a full rebuild for incremental task ':app:kspDebugUnitTestKotlin'.
file or directory '/home/tazztone/_coding/lossless-video-cut/app/src/test/kotlin', not found
file or directory '/home/tazztone/_coding/lossless-video-cut/app/src/testDebug/java', not found
file or directory '/home/tazztone/_coding/lossless-video-cut/app/src/testDebug/kotlin', not found
file or directory '/home/tazztone/_coding/lossless-video-cut/app/src/test/kotlin', not found
file or directory '/home/tazztone/_coding/lossless-video-cut/app/src/testDebug/java', not found
file or directory '/home/tazztone/_coding/lossless-video-cut/app/src/testDebug/kotlin', not found
i: [ksp] loaded provider(s): [dagger.hilt.processor.internal.uninstallmodules.KspUninstallModulesProcessor$Provider, dagger.hilt.android.processor.internal.viewmodel.KspViewModelProcessor$Provider, dagger.hilt.processor.internal.earlyentrypoint.KspEarlyEntryPointProcessor$Provider, dagger.hilt.android.processor.internal.androidentrypoint.KspAndroidEntryPointProcessor$Provider, dagger.hilt.processor.internal.definecomponent.KspDefineComponentProcessor$Provider, dagger.hilt.processor.internal.originatingelement.KspOriginatingElementProcessor$Provider, dagger.hilt.android.processor.internal.bindvalue.KspBindValueProcessor$Provider, dagger.hilt.processor.internal.root.KspComponentTreeDepsProcessor$Provider, dagger.hilt.processor.internal.root.KspRootProcessor$Provider, dagger.hilt.processor.internal.aliasof.KspAliasOfProcessor$Provider, dagger.hilt.processor.internal.aggregateddeps.KspAggregatedDepsProcessor$Provider, dagger.hilt.processor.internal.generatesrootinput.KspGeneratesRootInputProcessor$Provider, dagger.hilt.android.processor.internal.customtestapplication.KspCustomTestApplicationProcessor$Provider, dagger.internal.codegen.KspComponentProcessor$Provider]
Resolve mutations for :app:compileDebugUnitTestKotlin (Thread[#1641,Execution worker Thread 12,5,main]) started.
:app:compileDebugUnitTestKotlin (Thread[#1641,Execution worker Thread 12,5,main]) started.

> Task :app:compileDebugUnitTestKotlin UP-TO-DATE
file or directory '/home/tazztone/_coding/lossless-video-cut/app/src/test/kotlin', not found
file or directory '/home/tazztone/_coding/lossless-video-cut/app/src/testDebug/java', not found
file or directory '/home/tazztone/_coding/lossless-video-cut/app/src/testDebug/kotlin', not found
file or directory '/home/tazztone/_coding/lossless-video-cut/app/src/testDebug/java', not found
file or directory '/home/tazztone/_coding/lossless-video-cut/app/src/test/kotlin', not found
file or directory '/home/tazztone/_coding/lossless-video-cut/app/src/testDebug/java', not found
file or directory '/home/tazztone/_coding/lossless-video-cut/app/src/testDebug/kotlin', not found
file or directory '/home/tazztone/_coding/lossless-video-cut/app/src/testDebug/java', not found
file or directory '/home/tazztone/_coding/lossless-video-cut/app/src/test/kotlin', not found
file or directory '/home/tazztone/_coding/lossless-video-cut/app/src/testDebug/java', not found
file or directory '/home/tazztone/_coding/lossless-video-cut/app/src/testDebug/kotlin', not found
file or directory '/home/tazztone/_coding/lossless-video-cut/app/src/testDebug/java', not found
Custom actions are attached to task ':app:compileDebugUnitTestKotlin'.
Caching disabled for task ':app:compileDebugUnitTestKotlin' because:
  Build cache is disabled
Skipping task ':app:compileDebugUnitTestKotlin' as it is up-to-date.
Resolve mutations for :app:processDebugUnitTestJavaRes (Thread[#1641,Execution worker Thread 12,5,main]) started.
:app:processDebugUnitTestJavaRes (Thread[#1641,Execution worker Thread 12,5,main]) started.

> Task :app:processDebugUnitTestJavaRes UP-TO-DATE
file or directory '/home/tazztone/_coding/lossless-video-cut/app/src/test/resources', not found
file or directory '/home/tazztone/_coding/lossless-video-cut/app/src/testDebug/resources', not found
Caching disabled for task ':app:processDebugUnitTestJavaRes' because:
  Build cache is disabled
  Caching has been disabled for the task
Skipping task ':app:processDebugUnitTestJavaRes' as it is up-to-date.
Resolve mutations for :app:compileDebugUnitTestJavaWithJavac (Thread[#1641,Execution worker Thread 12,5,main]) started.
:app:compileDebugUnitTestJavaWithJavac (Thread[#1641,Execution worker Thread 12,5,main]) started.

> Task :app:compileDebugUnitTestJavaWithJavac UP-TO-DATE
Custom actions are attached to task ':app:compileDebugUnitTestJavaWithJavac'.
Caching disabled for task ':app:compileDebugUnitTestJavaWithJavac' because:
  Build cache is disabled
Skipping task ':app:compileDebugUnitTestJavaWithJavac' as it is up-to-date.
No compile result for :app:compileDebugUnitTestJavaWithJavac
Resolve mutations for :app:hiltSyncDebugUnitTest (Thread[#1641,Execution worker Thread 12,5,main]) started.
:app:hiltSyncDebugUnitTest (Thread[#1650,Execution worker Thread 20,5,main]) started.

> Task :app:hiltSyncDebugUnitTest UP-TO-DATE
Caching disabled for task ':app:hiltSyncDebugUnitTest' because:
  Build cache is disabled
  Not worth caching
Skipping task ':app:hiltSyncDebugUnitTest' as it is up-to-date.
Resolve mutations for :app:hiltAggregateDepsDebugUnitTest (Thread[#1650,Execution worker Thread 20,5,main]) started.
:app:hiltAggregateDepsDebugUnitTest (Thread[#1650,Execution worker Thread 20,5,main]) started.

> Task :app:hiltAggregateDepsDebugUnitTest UP-TO-DATE
Caching disabled for task ':app:hiltAggregateDepsDebugUnitTest' because:
  Build cache is disabled
Skipping task ':app:hiltAggregateDepsDebugUnitTest' as it is up-to-date.
Resolve mutations for :app:hiltJavaCompileDebugUnitTest (Thread[#1650,Execution worker Thread 20,5,main]) started.
:app:hiltJavaCompileDebugUnitTest (Thread[#1650,Execution worker Thread 20,5,main]) started.

> Task :app:hiltJavaCompileDebugUnitTest UP-TO-DATE
Caching disabled for task ':app:hiltJavaCompileDebugUnitTest' because:
  Build cache is disabled
Skipping task ':app:hiltJavaCompileDebugUnitTest' as it is up-to-date.
No compile result for :app:hiltJavaCompileDebugUnitTest
Resolve mutations for :app:transformDebugUnitTestClassesWithAsm (Thread[#1650,Execution worker Thread 20,5,main]) started.
:app:transformDebugUnitTestClassesWithAsm (Thread[#1650,Execution worker Thread 20,5,main]) started.

> Task :app:transformDebugUnitTestClassesWithAsm UP-TO-DATE
Caching disabled for task ':app:transformDebugUnitTestClassesWithAsm' because:
  Build cache is disabled
Skipping task ':app:transformDebugUnitTestClassesWithAsm' as it is up-to-date.
Resolve mutations for :app:testDebugUnitTest (Thread[#1650,Execution worker Thread 20,5,main]) started.
:app:testDebugUnitTest (Thread[#1650,Execution worker Thread 20,5,main]) started.
Gradle Test Executor 6 started executing tests.
OpenJDK 64-Bit Server VM warning: Sharing is only supported for boot loader classes because bootstrap classpath has been appended

> Task :app:testDebugUnitTest
Caching disabled for task ':app:testDebugUnitTest' because:
  Build cache is disabled
Task ':app:testDebugUnitTest' is not up-to-date because:
  Task has failed previously.
Starting process 'Gradle Test Executor 6'. Working directory: /home/tazztone/_coding/lossless-video-cut/app Command: /home/tazztone/.gradle/jdks/jetbrains_s_r_o_-21-amd64-linux.2/bin/java -Djava.awt.headless=true -Djava.library.path=/usr/java/packages/lib:/usr/lib64:/lib64:/lib:/usr/lib:/home/tazztone/_coding/lossless-video-cut/app/src/testDebug/jniLibs:/home/tazztone/_coding/lossless-video-cut/app/src/test/jniLibs -Dorg.gradle.internal.worker.tmpdir=/home/tazztone/_coding/lossless-video-cut/app/build/tmp/testDebugUnitTest/work --add-opens=java.base/java.io=ALL-UNNAMED @/home/tazztone/.gradle/.tmp/gradle-worker-classpath2569541744959152174txt -Xmx512m -Dfile.encoding=UTF-8 -Duser.country=US -Duser.language=en -Duser.variant -ea worker.org.gradle.process.internal.worker.GradleWorkerMain 'Gradle Test Executor 6'
Successfully started process 'Gradle Test Executor 6'

EditorFragmentTest > fragment should initialize without crash STANDARD_ERROR
    WARNING: A Java agent has been loaded dynamically (/home/tazztone/.gradle/caches/modules-2/files-2.1/net.bytebuddy/byte-buddy-agent/1.14.6/46e2545d7a97b6ccb195621650c5957279eb4812/byte-buddy-agent-1.14.6.jar)
    WARNING: If a serviceability tool is in use, please run with -XX:+EnableDynamicAgentLoading to hide this warning
    WARNING: If a serviceability tool is not in use, please run with -Djdk.instrument.traceUsage for more information
    WARNING: Dynamic loading of agents will be disallowed by default in a future release

Gradle Test Executor 6 finished executing tests.

> Task :app:testDebugUnitTest FAILED

EditorFragmentTest > fragment should initialize without crash FAILED
    android.view.InflateException: Binary XML file line #8 in com.tazztone.losslesscut:layout/fragment_editor: Binary XML file line #8 in com.tazztone.losslesscut:layout/fragment_editor: Error inflating class android.widget.RelativeLayout

        Caused by:
        android.view.InflateException: Binary XML file line #8 in com.tazztone.losslesscut:layout/fragment_editor: Error inflating class android.widget.RelativeLayout

            Caused by:
            java.lang.reflect.InvocationTargetException
                at java.base/jdk.internal.reflect.DirectConstructorHandleAccessor.newInstance(DirectConstructorHandleAccessor.java:74)
                at java.base/java.lang.reflect.Constructor.newInstanceWithCaller(Constructor.java:502)
                at java.base/java.lang.reflect.Constructor.newInstance(Constructor.java:486)
                at android.view.LayoutInflater.$$robo$$android_view_LayoutInflater$createView(LayoutInflater.java:858)
                at android.view.LayoutInflater.createView(LayoutInflater.java)
                at android.view.LayoutInflater.$$robo$$android_view_LayoutInflater$createView(LayoutInflater.java:780)
                at android.view.LayoutInflater.createView(LayoutInflater.java)
                at com.android.internal.policy.PhoneLayoutInflater.$$robo$$com_android_internal_policy_PhoneLayoutInflater$onCreateView(PhoneLayoutInflater.java:58)
                at com.android.internal.policy.PhoneLayoutInflater.onCreateView(PhoneLayoutInflater.java)
                at android.view.LayoutInflater.$$robo$$android_view_LayoutInflater$onCreateView(LayoutInflater.java:934)
                at android.view.LayoutInflater.onCreateView(LayoutInflater.java)
                at android.view.LayoutInflater.$$robo$$android_view_LayoutInflater$onCreateView(LayoutInflater.java:954)
                at android.view.LayoutInflater.onCreateView(LayoutInflater.java)
                at android.view.LayoutInflater.$$robo$$android_view_LayoutInflater$createViewFromTag(LayoutInflater.java:1008)
                at android.view.LayoutInflater.createViewFromTag(LayoutInflater.java)
                at android.view.LayoutInflater.$$robo$$android_view_LayoutInflater$createViewFromTag(LayoutInflater.java:965)
                at android.view.LayoutInflater.createViewFromTag(LayoutInflater.java)
                at android.view.LayoutInflater.$$robo$$android_view_LayoutInflater$inflate(LayoutInflater.java:663)
                at android.view.LayoutInflater.inflate(LayoutInflater.java)
                at android.view.LayoutInflater.$$robo$$android_view_LayoutInflater$inflate(LayoutInflater.java:538)
                at android.view.LayoutInflater.inflate(LayoutInflater.java)
                at androidx.fragment.app.Fragment.onCreateView(Fragment.java:2027)
                at androidx.fragment.app.Fragment.performCreateView(Fragment.java:3119)
                at androidx.fragment.app.FragmentStateManager.createView(FragmentStateManager.java:577)
                at androidx.fragment.app.FragmentStateManager.moveToExpectedState(FragmentStateManager.java:286)
                at androidx.fragment.app.FragmentManager.executeOpsTogether(FragmentManager.java:2211)
                at androidx.fragment.app.FragmentManager.removeRedundantOperationsAndExecute(FragmentManager.java:2106)
                at androidx.fragment.app.FragmentManager.execSingleAction(FragmentManager.java:2000)
                at androidx.fragment.app.BackStackRecord.commitNow(BackStackRecord.java:317)
                at com.tazztone.losslesscut.ui.EditorFragmentTest$fragment should initialize without crash$$inlined$launchFragmentInHiltContainer$default$1.perform(HiltTestUtils.kt:36)
                at com.tazztone.losslesscut.ui.EditorFragmentTest$fragment should initialize without crash$$inlined$launchFragmentInHiltContainer$default$1.perform(HiltTestUtils.kt:27)
                at androidx.test.core.app.ActivityScenario.lambda$onActivity$2(ActivityScenario.java:794)
                at androidx.test.core.app.ActivityScenario.onActivity(ActivityScenario.java:804)
                at com.tazztone.losslesscut.ui.EditorFragmentTest.fragment should initialize without crash(EditorFragmentTest.kt:79)

                Caused by:
                java.lang.UnsupportedOperationException: Failed to resolve attribute at index 13: TypedValue{t=0x2/d=0x7f040103 a=-1}, theme={InheritanceMap=[id=0x7f14000bcom.tazztone.losslesscut:style/AppTheme], Themes=[com.tazztone.losslesscut:style/AppTheme, forced, android:style/Theme.DeviceDefault.Light.DarkActionBar, forced]}
                    at android.content.res.TypedArray.getDrawableForDensity(TypedArray.java:1007)
                    at android.content.res.TypedArray.getDrawable(TypedArray.java:991)
                    at android.view.View.__constructor__(View.java:5579)
                    at android.view.View.<init>(View.java)
                    at android.view.ViewGroup.<init>(ViewGroup.java)
                    at android.widget.RelativeLayout.<init>(RelativeLayout.java)
                    at java.base/jdk.internal.reflect.DirectConstructorHandleAccessor.newInstance(DirectConstructorHandleAccessor.java:62)
                    at android.view.LayoutInflater.createView(LayoutInflater.java:858)
                    at android.view.LayoutInflater.createView(LayoutInflater.java:780)
                    at com.android.internal.policy.PhoneLayoutInflater.onCreateView(PhoneLayoutInflater.java:58)
                    at android.view.LayoutInflater.onCreateView(LayoutInflater.java:934)
                    at android.view.LayoutInflater.onCreateView(LayoutInflater.java:954)
                    at android.view.LayoutInflater.createViewFromTag(LayoutInflater.java:1008)
                    at android.view.LayoutInflater.createViewFromTag(LayoutInflater.java:965)
                    at android.view.LayoutInflater.inflate(LayoutInflater.java:663)
                    at android.view.LayoutInflater.inflate(LayoutInflater.java:538)
                    ... 13 more
Finished generating test XML results (0.0 secs) into: /home/tazztone/_coding/lossless-video-cut/app/build/test-results/testDebugUnitTest
Generating HTML test report...

1 test completed, 1 failed
Finished generating test html results (0.001 secs) into: /home/tazztone/_coding/lossless-video-cut/app/build/reports/tests/testDebugUnitTest
Build ceb8ff1e-36f5-4820-bcf4-943a571a5032 is closed

FAILURE: Build failed with an exception.

* What went wrong:
Execution failed for task ':app:testDebugUnitTest'.
> There were failing tests. See the report at: file:///home/tazztone/_coding/lossless-video-cut/app/build/reports/tests/testDebugUnitTest/index.html

* Try:
> Run with --scan to generate a Build Scan (powered by Develocity).

97 actionable tasks: 6 executed, 91 up-to-date
BUILD FAILED in 6s
